fm-fleet-snapshot: portfolio classification unavailable; the rest of the snapshot still renders
ok - only required-captain contributions are rows; other actors are counted
fm-fleet-snapshot: portfolio classification unavailable; the rest of the snapshot still renders
ok - replaced-head verdict is stale and cannot create a captain requirement
fm-fleet-snapshot: portfolio classification unavailable; the rest of the snapshot still renders
ok - unchecked ownership is disclosed and cannot prove silence
fm-fleet-snapshot: portfolio classification unavailable; the rest of the snapshot still renders
ok - newest check with no verdict is distinct from passing and pending
actionable: task delivery is registered but its landing receipt could not be written (/Users/achiu/.no-mistakes/worktrees/d9c8a3404af5/01M3TV6X3PKH4H39X00HQ6PJFB/bin/fm-pr-check.sh: line 162: /private/var/folders/52/xcqf00nn5kd1k_zk6377bs340000gn/T/fm-contributions.pfGsq4/incoming-comm); teardown will refuse cleanup until fm-pr-check.sh is re-run successfully
actionable: PR https://github.com/o/r/pull/8 is registered but GitHub captain assignment could not determine the authenticated login
ok - new maintainer comment wakes once and stays pending until acknowledged
actionable: task delivery is registered but its landing receipt could not be written (/Users/achiu/.no-mistakes/worktrees/d9c8a3404af5/01M3TV6X3PKH4H39X00HQ6PJFB/bin/fm-pr-check.sh: line 162: /private/var/folders/52/xcqf00nn5kd1k_zk6377bs340000gn/T/fm-contributions.pfGsq4/incoming-revi); teardown will refuse cleanup until fm-pr-check.sh is re-run successfully
actionable: PR https://github.com/o/r/pull/8 is registered but GitHub captain assignment could not determine the authenticated login
ok - new maintainer review wakes once and stays pending until acknowledged
actionable: task delivery is registered but its landing receipt could not be written (/Users/achiu/.no-mistakes/worktrees/d9c8a3404af5/01M3TV6X3PKH4H39X00HQ6PJFB/bin/fm-pr-check.sh: line 162: /private/var/folders/52/xcqf00nn5kd1k_zk6377bs340000gn/T/fm-contributions.pfGsq4/incoming-inli); teardown will refuse cleanup until fm-pr-check.sh is re-run successfully
actionable: PR https://github.com/o/r/pull/8 is registered but GitHub captain assignment could not determine the authenticated login
ok - new maintainer inline wakes once and stays pending until acknowledged
actionable: task delivery is registered but its landing receipt could not be written (/Users/achiu/.no-mistakes/worktrees/d9c8a3404af5/01M3TV6X3PKH4H39X00HQ6PJFB/bin/fm-pr-check.sh: line 162: /private/var/folders/52/xcqf00nn5kd1k_zk6377bs340000gn/T/fm-contributions.pfGsq4/ready/root/bi); teardown will refuse cleanup until fm-pr-check.sh is re-run successfully
actionable: PR https://github.com/o/r/pull/8 is registered but GitHub captain assignment could not determine the authenticated login
ok - ready-for-pr on a filed issue becomes a planning wake
fm-fleet-snapshot: portfolio classification unavailable; the rest of the snapshot still renders
ok - a fresh open issue remains measured maintainer triage
fm-fleet-snapshot: portfolio classification unavailable; the rest of the snapshot still renders
ok - an absent check lane remains missing across repeated observations
fm-fleet-snapshot: portfolio classification unavailable; the rest of the snapshot still renders
ok - mixed freshness retains measured captain work and discloses the gap
fm-fleet-snapshot: portfolio classification unavailable; the rest of the snapshot still renders
ok - malformed durable evidence cannot prove silence
ok - a transient ready-for-pr label wakes and its exact acknowledgement survives replay
actionable: task delivery is registered but its landing receipt could not be written (/Users/achiu/.no-mistakes/worktrees/d9c8a3404af5/01M3TV6X3PKH4H39X00HQ6PJFB/bin/fm-pr-check.sh: line 162: /private/var/folders/52/xcqf00nn5kd1k_zk6377bs340000gn/T/fm-contributions.pfGsq4/verdict-round); teardown will refuse cleanup until fm-pr-check.sh is re-run successfully
actionable: PR https://github.com/o/r/pull/8 is registered but GitHub captain assignment could not determine the authenticated login
fm-fleet-snapshot: portfolio classification unavailable; the rest of the snapshot still renders
ok - recorded judgment keeps its exact head and is stale immediately on a published replacement
actionable: task delivery is registered but its landing receipt could not be written (/Users/achiu/.no-mistakes/worktrees/d9c8a3404af5/01M3TV6X3PKH4H39X00HQ6PJFB/bin/fm-pr-check.sh: line 162: /private/var/folders/52/xcqf00nn5kd1k_zk6377bs340000gn/T/fm-contributions.pfGsq4/observed-repl); teardown will refuse cleanup until fm-pr-check.sh is re-run successfully
actionable: PR https://github.com/o/r/pull/8 is registered but GitHub captain assignment could not determine the authenticated login
fm-fleet-snapshot: portfolio classification unavailable; the rest of the snapshot still renders
ok - a current forge observation refreshes a verdict after a replacement
ok - an unavailable current head leaves verdict freshness unknown
actionable: task delivery is registered but its landing receipt could not be written (/Users/achiu/.no-mistakes/worktrees/d9c8a3404af5/01M3TV6X3PKH4H39X00HQ6PJFB/bin/fm-pr-check.sh: line 162: /private/var/folders/52/xcqf00nn5kd1k_zk6377bs340000gn/T/fm-contributions.pfGsq4/away-yolo/roo); teardown will refuse cleanup until fm-pr-check.sh is re-run successfully
actionable: PR https://github.com/o/r/pull/8 is registered but GitHub captain assignment could not determine the authenticated login
ok - away yolo delivery is fleet work without granting merge authority
actionable: task delivery is registered but its landing receipt could not be written (/Users/achiu/.no-mistakes/worktrees/d9c8a3404af5/01M3TV6X3PKH4H39X00HQ6PJFB/bin/fm-pr-check.sh: line 162: /private/var/folders/52/xcqf00nn5kd1k_zk6377bs340000gn/T/fm-contributions.pfGsq4/away-yolo-chi); teardown will refuse cleanup until fm-pr-check.sh is re-run successfully
actionable: PR https://github.com/o/r/pull/8 is registered but GitHub captain assignment could not determine the authenticated login
actionable: PR https://github.com/o/r/pull/8 is registered but its ready line did not reach the parent channel (rc=3)
fm-fleet-snapshot: portfolio classification unavailable; the rest of the snapshot still renders
ok - cross-home away yolo delivery is fleet work
fm-fleet-snapshot: portfolio classification unavailable; the rest of the snapshot still renders
fm-fleet-snapshot: portfolio classification unavailable; the rest of the snapshot still renders
ok - retired ownership persists and unsupported forge remains visibly unmeasured
fm-fleet-snapshot: portfolio classification unavailable; the rest of the snapshot still renders
ok - unsupported forge coverage is disclosed without inventing fleet work
fm-fleet-snapshot: portfolio classification unavailable; the rest of the snapshot still renders
ok - held unsupported forge coverage remains unmeasured
actionable: task delivery is registered but its landing receipt could not be written (/Users/achiu/.no-mistakes/worktrees/d9c8a3404af5/01M3TV6X3PKH4H39X00HQ6PJFB/bin/fm-pr-check.sh: line 162: /private/var/folders/52/xcqf00nn5kd1k_zk6377bs340000gn/T/fm-contributions.pfGsq4/shared-contri); teardown will refuse cleanup until fm-pr-check.sh is re-run successfully
actionable: PR https://github.com/o/r/pull/8 is registered but GitHub captain assignment could not determine the authenticated login
ok - shared contribution signal wakes once while retaining both acknowledgements
actionable: task delivery is registered but its landing receipt could not be written (/Users/achiu/.no-mistakes/worktrees/d9c8a3404af5/01M3TV6X3PKH4H39X00HQ6PJFB/bin/fm-pr-check.sh: line 162: /private/var/folders/52/xcqf00nn5kd1k_zk6377bs340000gn/T/fm-contributions.pfGsq4/watcher-diagn); teardown will refuse cleanup until fm-pr-check.sh is re-run successfully
actionable: PR https://github.com/o/r/pull/8 is registered but GitHub captain assignment could not determine the authenticated login
ok - watcher keeps observer diagnostics separate from contribution wakes
fm-fleet-snapshot: portfolio classification unavailable; the rest of the snapshot still renders
ok - expired child unsupported-forge coverage remains unmeasured
actionable: task delivery is registered but its landing receipt could not be written (/Users/achiu/.no-mistakes/worktrees/d9c8a3404af5/01M3TV6X3PKH4H39X00HQ6PJFB/bin/fm-pr-check.sh: line 162: /private/var/folders/52/xcqf00nn5kd1k_zk6377bs340000gn/T/fm-contributions.pfGsq4/watcher-contr); teardown will refuse cleanup until fm-pr-check.sh is re-run successfully
actionable: PR https://github.com/o/r/pull/8 is registered but GitHub captain assignment could not determine the authenticated login
ok - watcher surfaces one newly durable contribution signal without re-ringing it
fm-fleet-snapshot: portfolio classification unavailable; the rest of the snapshot still renders
fm-fleet-snapshot: portfolio classification unavailable; the rest of the snapshot still renders
ok - parent consumes measured child coverage and refuses expired child silence
ok - unreadable pending signals refuse an empty-inbox claim
ok - budget exhausted mid-observation (exhaust) keeps the prior record and stays silent
ok - budget exhausted mid-observation (hang) keeps the prior record and stays silent
ok - a genuine forge failure inside the budget still records the error and wakes
ok - a URL owned by two tasks is observed once and every owner receives the result
fm-fleet-snapshot: portfolio classification unavailable; the rest of the snapshot still renders
fm-fleet-snapshot: portfolio classification unavailable; the rest of the snapshot still renders
ok - a merged or closed contribution settles once, is not re-read, and never wakes again
ok - a late owner inherits a terminal observation without a forge read or wake
ok - an open PR linked from a done task keeps being observed
ok - a pull observation keeps at most three forge reads in flight on one token
ok - a later URL waits when fewer than fifteen seconds remain for its observation
ok - eight 3-second PR reads complete fresh within one 20-second poll cycle
ok - a genuinely unavailable forge records an error and wakes once per failure episode
ok - a late owner does not restart a shared forge failure episode
