ok - overlapping remote home provisioning serializes through publication and rollback
ok - competing cleanup of the public home cannot reach a live provisioning clone
ok - a home that appears mid-provision makes the provision die without touching it
ok - remote seed rollback preserves serialized competing routes
ok - unknown readiness preserves its route and brief for reconciliation
ok - remote seeding checks, repairs, and re-checks readiness, then stops on a remaining gap
ok - remote seeding proceeds once the repair closes every gap
ok - remote seeding provisions a supplied origin without touching the primary project tree
ok - remote provisioning re-validates a supplied origin at the receiving host
ok - seeding carries bitbucket, self-hosted, and scp-like origins through to the remote clone
ok - remote seed registers the route and provisions the whole home and project clone on that host
ok - remote inheritance rejects incomplete and superseded payload generations
ok - mixed local and remote routes validate without migration
ok - remote spawn launches on the remote-local backend and records a host-qualified route
ok - legacy and mismatched remote endpoints fail closed before backend access
ok - non-herdr remote endpoints are refused without changing either route
ok - remote spawn serializes inheritance through launch publication
ok - marked send and routed reply complete through the existing parent correlation owner
ok - partial remote inheritance retains reread intent through bootstrap convergence
ok - config push and bootstrap serialize remote inheritance convergence
ok - remote inherited config retains and retries a failed live reread nudge
ok - fleet snapshot projects mixed local and remote structured state
ok - remote update imports and fast-forwards the persistent home on its configured host
ok - the remote restart verb delegates to the host-local control plane and refuses before stopping anything
ok - startup repairs remote readiness before probing without relaunching
LEG-RESULT bound=7500 watch_wait=556 polls (~11s) exited-ok
rm: /private/var/folders/52/xcqf00nn5kd1k_zk6377bs340000gn/T/fm-remote-secondmate-e2e.WKBdBO/remote-home/state/parent-route/ios.git-hooks/pre-rebase: Permission denied
rm: /private/var/folders/52/xcqf00nn5kd1k_zk6377bs340000gn/T/fm-remote-secondmate-e2e.WKBdBO/remote-home/state/parent-route/ios.git-hooks/pre-applypatch: Permission denied
rm: /private/var/folders/52/xcqf00nn5kd1k_zk6377bs340000gn/T/fm-remote-secondmate-e2e.WKBdBO/remote-home/state/parent-route/ios.git-hooks/pre-auto-gc: Permission denied
rm: /private/var/folders/52/xcqf00nn5kd1k_zk6377bs340000gn/T/fm-remote-secondmate-e2e.WKBdBO/remote-home/state/parent-route/ios.git-hooks/pre-merge-commit: Permission denied
rm: /private/var/folders/52/xcqf00nn5kd1k_zk6377bs340000gn/T/fm-remote-secondmate-e2e.WKBdBO/remote-home/state/parent-route/ios.git-hooks/post-commit: Permission denied
rm: /private/var/folders/52/xcqf00nn5kd1k_zk6377bs340000gn/T/fm-remote-secondmate-e2e.WKBdBO/remote-home/state/parent-route/ios.git-hooks/sendemail-validate: Permission denied
rm: /private/var/folders/52/xcqf00nn5kd1k_zk6377bs340000gn/T/fm-remote-secondmate-e2e.WKBdBO/remote-home/state/parent-route/ios.git-hooks/applypatch-msg: Permission denied
rm: /private/var/folders/52/xcqf00nn5kd1k_zk6377bs340000gn/T/fm-remote-secondmate-e2e.WKBdBO/remote-home/state/parent-route/ios.git-hooks/prepare-commit-msg: Permission denied
rm: /private/var/folders/52/xcqf00nn5kd1k_zk6377bs340000gn/T/fm-remote-secondmate-e2e.WKBdBO/remote-home/state/parent-route/ios.git-hooks/post-checkout: Permission denied
rm: /private/var/folders/52/xcqf00nn5kd1k_zk6377bs340000gn/T/fm-remote-secondmate-e2e.WKBdBO/remote-home/state/parent-route/ios.git-hooks/post-applypatch: Permission denied
rm: /private/var/folders/52/xcqf00nn5kd1k_zk6377bs340000gn/T/fm-remote-secondmate-e2e.WKBdBO/remote-home/state/parent-route/ios.git-hooks/post-rewrite: Permission denied
rm: /private/var/folders/52/xcqf00nn5kd1k_zk6377bs340000gn/T/fm-remote-secondmate-e2e.WKBdBO/remote-home/state/parent-route/ios.git-hooks/commit-msg: Permission denied
rm: /private/var/folders/52/xcqf00nn5kd1k_zk6377bs340000gn/T/fm-remote-secondmate-e2e.WKBdBO/remote-home/state/parent-route/ios.git-hooks/pre-push: Permission denied
rm: /private/var/folders/52/xcqf00nn5kd1k_zk6377bs340000gn/T/fm-remote-secondmate-e2e.WKBdBO/remote-home/state/parent-route/ios.git-hooks/post-merge: Permission denied
rm: /private/var/folders/52/xcqf00nn5kd1k_zk6377bs340000gn/T/fm-remote-secondmate-e2e.WKBdBO/remote-home/state/parent-route/ios.git-hooks/pre-commit: Permission denied
rm: /private/var/folders/52/xcqf00nn5kd1k_zk6377bs340000gn/T/fm-remote-secondmate-e2e.WKBdBO/remote-home/state/parent-route/ios.git-hooks: Directory not empty
rm: /private/var/folders/52/xcqf00nn5kd1k_zk6377bs340000gn/T/fm-remote-secondmate-e2e.WKBdBO/remote-home/state/parent-route: Directory not empty
rm: /private/var/folders/52/xcqf00nn5kd1k_zk6377bs340000gn/T/fm-remote-secondmate-e2e.WKBdBO/remote-home/state: Directory not empty
rm: /private/var/folders/52/xcqf00nn5kd1k_zk6377bs340000gn/T/fm-remote-secondmate-e2e.WKBdBO/remote-home: Directory not empty
rm: /private/var/folders/52/xcqf00nn5kd1k_zk6377bs340000gn/T/fm-remote-secondmate-e2e.WKBdBO: Directory not empty
exit=1
