ok - unknown extension conformance section selectors fail before setup
ok - the section coordinator propagates ordered failures and bounded cleanup
not-autohandled: example-file (left for the handler; still unacknowledged)
/private/var/folders/52/xcqf00nn5kd1k_zk6377bs340000gn/T/fm-extension-binding.z3zny8/remote-root/bin/fm-procevent.sh: line 257: /private/var/folders/52/xcqf00nn5kd1k_zk6377bs340000gn/T/fm-extension-binding.z3zny8/remote-root/bin/fm-task-inbox-lib.sh: No such file or directory
/private/var/folders/52/xcqf00nn5kd1k_zk6377bs340000gn/T/fm-extension-binding.z3zny8/remote-root/bin/fm-procevent.sh: line 259: /private/var/folders/52/xcqf00nn5kd1k_zk6377bs340000gn/T/fm-extension-binding.z3zny8/remote-root/bin/fm-backend.sh: No such file or directory
not-autohandled: flow-source (left for the handler; still unacknowledged)
ok - the shipped file-signal package is a runnable end-to-end external adapter
/private/var/folders/52/xcqf00nn5kd1k_zk6377bs340000gn/T/fm-extension-binding.z3zny8/remote-root/bin/fm-procevent.sh: line 257: /private/var/folders/52/xcqf00nn5kd1k_zk6377bs340000gn/T/fm-extension-binding.z3zny8/remote-root/bin/fm-task-inbox-lib.sh: No such file or directory
/private/var/folders/52/xcqf00nn5kd1k_zk6377bs340000gn/T/fm-extension-binding.z3zny8/remote-root/bin/fm-procevent.sh: line 259: /private/var/folders/52/xcqf00nn5kd1k_zk6377bs340000gn/T/fm-extension-binding.z3zny8/remote-root/bin/fm-backend.sh: No such file or directory
/private/var/folders/52/xcqf00nn5kd1k_zk6377bs340000gn/T/fm-extension-binding.z3zny8/remote-root/bin/fm-procevent.sh: line 257: /private/var/folders/52/xcqf00nn5kd1k_zk6377bs340000gn/T/fm-extension-binding.z3zny8/remote-root/bin/fm-task-inbox-lib.sh: No such file or directory
/private/var/folders/52/xcqf00nn5kd1k_zk6377bs340000gn/T/fm-extension-binding.z3zny8/remote-root/bin/fm-procevent.sh: line 259: /private/var/folders/52/xcqf00nn5kd1k_zk6377bs340000gn/T/fm-extension-binding.z3zny8/remote-root/bin/fm-backend.sh: No such file or directory
ok - one external adapter registers, invokes, captures unhandled evidence, classifies, and terminally retires end to end
ok - register-extension and reconcile of an unhandled extension result take their locks in one order

all extension-binding tests passed
not-autohandled: example-symlinked (left for the handler; still unacknowledged)
not-autohandled: remote-source (left for the handler; still unacknowledged)
ok - a home reached through a symlinked ancestor captures external evidence normally
/private/var/folders/52/xcqf00nn5kd1k_zk6377bs340000gn/T/fm-extension-binding.z3zny8/remote-root/bin/fm-procevent.sh: line 257: /private/var/folders/52/xcqf00nn5kd1k_zk6377bs340000gn/T/fm-extension-binding.z3zny8/remote-root/bin/fm-task-inbox-lib.sh: No such file or directory
/private/var/folders/52/xcqf00nn5kd1k_zk6377bs340000gn/T/fm-extension-binding.z3zny8/remote-root/bin/fm-procevent.sh: line 259: /private/var/folders/52/xcqf00nn5kd1k_zk6377bs340000gn/T/fm-extension-binding.z3zny8/remote-root/bin/fm-backend.sh: No such file or directory
/private/var/folders/52/xcqf00nn5kd1k_zk6377bs340000gn/T/fm-extension-binding.z3zny8/remote-root/bin/fm-procevent.sh: line 257: /private/var/folders/52/xcqf00nn5kd1k_zk6377bs340000gn/T/fm-extension-binding.z3zny8/remote-root/bin/fm-task-inbox-lib.sh: No such file or directory
/private/var/folders/52/xcqf00nn5kd1k_zk6377bs340000gn/T/fm-extension-binding.z3zny8/remote-root/bin/fm-procevent.sh: line 259: /private/var/folders/52/xcqf00nn5kd1k_zk6377bs340000gn/T/fm-extension-binding.z3zny8/remote-root/bin/fm-backend.sh: No such file or directory
ok - handshake execution rejects and reaps foreground descendants

all extension-binding tests passed
ok - serialized remote binding crosses fm-on through addressed-home capture and retirement

all extension-binding tests passed
ok - inner result.silent host crash releases the parent lifecycle lock before terminal retry
ok - local binding retirement requires its exact identity and disables invocation

all extension-binding tests passed
ok - independent extension conformance sections complete through isolated public homes

all extension-binding tests passed
