== variant=empty  meta:
window=lab:fm-fm-dispatch-model-id-validation-s1
endpoint_task_id=fm-dispatch-model-id-validation-s1
worktree=/var/folders/52/xcqf00nn5kd1k_zk6377bs340000gn/T//fm-lab.Z1VBK0/wt
project=/var/folders/52/xcqf00nn5kd1k_zk6377bs340000gn/T//fm-lab.Z1VBK0/projects/demo
kind=ship
mode=local-only
spawn_gen=1
dispatch_base=53002423181578dcf064dc718a450e4e2591dda0
== status:
== classifier probe before watcher: crew-state: state: unknown · source: pane · harness state unavailable (unknown missing) | absorb=none | never-started=YES
== round 1 watcher said: 
== round 2 watcher said: stale: lab:fm-fm-dispatch-model-id-validation-s1
== round 3 watcher said: stale: lab:fm-fm-dispatch-model-id-validation-s1 (idle 1s, possible wedge, escalation 1)
== round 4 watcher said: stale: lab:fm-fm-dispatch-model-id-validation-s1 (idle 1s, possible wedge, escalation 2)
== round 5 watcher said: check: auto-standdown: task fm-dispatch-model-id-validation-s1 stood down (login gating); brief preserved at data/fm-dispatch-model-id-validation-s1/brief.md
== after: meta present? NO  status present? NO
== escalation count: 
== standdown log: 
== backlog:
# Backlog

## In flight
## Queued
- [ ] fm-dispatch-model-id-validation-s1 - model id validation
  Auto-standdown: login gating
## Done
