
### [target] Scenario 1: --ack-through behind a live queue-lock holder (FM_STATUS_PRESENTATION_LOCK_TIMEOUT unset => default 10s)
presentation drain rc=0
WAKE_ACK_REQUIRED: after handling completes run bin/fm-wake-drain.sh --ack-through 1 --recovery-generation 94838.1791123081.rL132F
queue-lock holder pid=96062
  wake drain: ACKNOWLEDGEMENT SKIPPED: queue lock remains held by live pid 96062 after 10s; nothing was consumed, re-run the same --ack-through command.
  rc=1 elapsed=11s
queue unchanged after skipped ack: yes
retry same ack command after holder exits:
  rc=0 elapsed=0s
queue empty after retry: yes
leaked owner dirs: 0

### [target] Scenario 2: --ack-through behind a live inactive-outcome receipt (scan) lock holder, timeout=3
WAKE_ACK_REQUIRED: after handling completes run bin/fm-wake-drain.sh --ack-through 2 --recovery-generation 16180.1791123092.cFgBBt
receipt-lock holder pid=18078
  wake drain: ACKNOWLEDGEMENT SKIPPED: inactive-outcome receipt lock remains held by live pid 18078 after 3s; nothing was consumed, re-run the same --ack-through command.
  rc=1 elapsed=3s
abcdef.pending
retry:
  rc=0 elapsed=1s
abcdef.presented

### [target] Scenario 3: plain presentation drain behind a live queue-lock holder, timeout=2 (unchanged behaviour)
  WAKE DRAIN SKIPPED: queue lock remains held by live pid 25757 after 2s; retry on the next drain.
  rc=0 elapsed=2s

### [target] Scenario 4: 13 live tasks + slow (6s) backlog divergence tool; second drain starts 1s into first, timeout=3
drain B rc=0 finished at +5s
drain A rc=0 finished at +12s
drain B 'STATUS PRESENTATION SKIPPED' lines: 1
  STATUS PRESENTATION SKIPPED: lock remains held by live pid 33884 after 3s; retry on the next drain.
drain B section headers:
     1 STATUS PRESENTATION SKIPPED:

### [target] Scenario 5: presentation fold timing, 13 tasks, no contention (avg of 5 drains)
avg drain+ack cycle: 9.41s
leaked owner dirs at end: 0
