ok - Pi extension reports external healthy watcher output
ok - Pi custom tool exposes repair-only metadata and returns automatic-continuation guidance
ok - Pi redundant tool call returns ownership guidance and spawns no second child
ok - Pi scheduled retry remains extension-owned after another tool call
ok - Pi actionable close starts one successor before wake delivery settles
ok - Pi actionable output waits for predecessor close before successor restoration
ok - Pi dispatcher branch offer owns accepted wakes and falls back to main
ok - Pi dispatcher flags a fleet-wide heartbeat offer as branch-eligible
ok - a co-present check row neither vetoes nor rides a heartbeat into main
ok - every main-only check class still reaches main, never the supervision branch
ok - a captain-held signal trigger reaches main with routine rows present
ok - an unread pending-reply escalation keeps later stale aliases on main
ok - a mixed batch of two distinct files - one routine, one needs-decision - routes wholly to main
ok - a co-present needs-decision row neither vetoes nor rides a heartbeat into main
ok - heartbeat restoration failure stays on main
ok - watcher-failure repair stays with main even with a live, accepting branch listener
ok - under the away-posture record every actionable row is offered to the branch while broken-queue wakes and watcher-failure alarms still reach main
ok - Pi refused handling handshake is classified and not swallowed
ok - Pi hung successor falls back to one typed actionable wake
ok - Pi unretired successor falls back without an overlapping retry
ok - Pi late unretired closes resume classified supervision
ok - Pi clean empty close triggers a bounded continuity retry
ok - Pi established clean closes stop at the configured retry limit
ok - Pi close handler verifies session-lock ownership before successor launch
ok - Pi watcher arm distinguishes all session lock ownership states
ok - Pi session transitions auto-arm through a generation owner across /new /resume /fork/reload, stale callbacks, and quit
ok - Pi session replacement auto-arms and carries its in-flight actionable close
ok - Pi replacement replays a streaming follow-up before consumption
ok - Pi streaming-time wake delivery keeps the successor chain and replays only unconsumed wakes
ok - Pi retries a verified successor that failed during wake delivery without waiting for settlement
ok - Pi keeps its live retry arm when a stale recovery confirmation is rejected
ok - Pi keeps a single bounded retry chain for an instantly unready successor
ok - Pi replacement receives actionable closes after retirement timeout
ok - Pi delivers a late actionable close through the in-process replacement handoff
ok - Pi drops a retired session's restoration failure from a replayed wake
ok - Pi queues an unterminated actionable row before its restoration runs
ok - Pi shares one bounded restoration with an actionable close landing during it
ok - Pi keeps a retired session's restoration verdict off an inherited wake
TOKENOUT<<file:///Users/achiu/.no-mistakes/worktrees/d9c8a3404af5/01M3ZW7AH2FD9A51PY0Z5QW274/[eval1]:28
  throw new Error(`timeout waiting for ${label}`);
        ^

Error: timeout waiting for two distinct handoff outcomes
    at waitFor (file:///Users/achiu/.no-mistakes/worktrees/d9c8a3404af5/01M3ZW7AH2FD9A51PY0Z5QW274/[eval1]:28:9)
    at async file:///Users/achiu/.no-mistakes/worktrees/d9c8a3404af5/01M3ZW7AH2FD9A51PY0Z5QW274/[eval1]:58:1

Node.js v26.3.0>>
not ok - Pi replacement handoff tokens must stay unique across fresh modules: expected exit 0, got 1
